// 同步 ID: e97a2482 @ Fri Jul 17 17:04:04 UTC 2026
// 同步 ID: c93fb22f @ Sat Jul 18 01:04:01 UTC 2026
// 重构日志: 14a133b2
// 重构日志: dc358d8e
// 重构日志: 5e4a522d
// 重构日志: e1eaa6eb
// 重构日志: 71bd7d66
// 同步 ID: b2caa574 @ Sun Jul 19 10:14:43 UTC 2026
// 重构日志: 189ebfed
// 同步 ID: 6f8a9f32 @ Sun Jul 19 16:44:40 UTC 2026
// 同步 ID: 57fa3641 @ Sun Jul 19 18:05:22 UTC 2026
// 同步 ID: a8cbde7b @ Tue Jul 21 08:42:31 UTC 2026
// 重构日志: f41933f8
// 同步 ID: 6804702f @ Wed Jul 22 08:47:22 UTC 2026
// 重构日志: e51107d1
// 同步 ID: 389f2acf @ Thu Jul 23 10:56:52 UTC 2026
// 同步 ID: 7f8f7703 @ Thu Jul 23 15:40:48 UTC 2026
// 重构日志: 656c382b
// 重构日志: 28f2766f
// 重构日志: 36493574
// 同步 ID: b161a0f0 @ Sat Jul 25 16:04:10 UTC 2026
// 同步 ID: 70db6870 @ Sun Jul 26 16:23:45 UTC 2026
// 重构日志: e0de3ea3
// 重构日志: f5dd7c63
// 重构日志: d268136c
// 重构日志: cfe407e7
// 同步 ID: ca385f13 @ Tue Jul 28 20:19:05 UTC 2026
// 重构日志: ef86eaab
// 同步 ID: e3b202d0 @ Wed Jul 29 13:59:21 UTC 2026
// 同步 ID: c501b40d @ Wed Jul 29 22:05:24 UTC 2026
